
> phantom-ionosphere@0.0.1 test
> jest src/auth/auth.service.spec.ts src/tasks/tasks.service.spec.ts

node.exe : PASS src/tasks/tasks.service.spec.ts
At D:\node download\npm.ps1:29 char:3
+   & $NODE_EXE $NPM_CLI_JS $args
+   ~~~~~~~~~~~~~~~~~~~~~~~~~~~~~
    + CategoryInfo          : NotSpecified: (PASS src/tasks/tasks.service.spec.ts:String) [], RemoteException
    + FullyQualifiedErrorId : NativeCommandError
 
FAIL src/auth/auth.service.spec.ts
  ΓùÅ AuthService ΓÇ║ validateUser ΓÇ║ should return user data if password matches

    TypeError: Cannot redefine property: compare
        at Function.defineProperty (<anonymous>)

    [0m [90m 39 |[39m       [36mconst[39m user [33m=[39m { username[33m:[39m [32m'test'[39m[33m,[39m password[33m:[39m [32m'hashedPassword'[39m }[33m;[39m
     [90m 40 |[39m       mockUsersService[33m.[39mfindOne[33m.[39mmockResolvedValue(user)[33m;[39m
    [31m[1m>[22m[39m[90m 41 |[39m       jest[33m.[39mspyOn(bcrypt[33m,[39m [32m'compare'[39m)[33m.[39mmockImplementation(() [33m=>[39m 
[33mPromise[39m[33m.[39mresolve([36mtrue[39m))[33m;[39m
     [90m    |[39m            [31m[1m^[22m[39m
     [90m 42 |[39m
     [90m 43 |[39m       [36mconst[39m result [33m=[39m [36mawait[39m service[33m.[39mvalidateUser([32m'test'[39m[33m,[39m password)[33m;[39m
     [90m 44 |[39m       expect(result)[33m.[39mtoEqual({ username[33m:[39m [32m'test'[39m })[33m;[39m[0m

      at ModuleMocker.spyOn (../node_modules/jest-mock/build/index.js:616:16)
      at Object.<anonymous> (auth/auth.service.spec.ts:41:12)

  ΓùÅ AuthService ΓÇ║ validateUser ΓÇ║ should return null if password does not match

    TypeError: Cannot redefine property: compare
        at Function.defineProperty (<anonymous>)

    [0m [90m 47 |[39m     it([32m'should return null if password does not match'[39m[33m,[39m [36masync[39m () [33m=>[39m {
     [90m 48 |[39m       mockUsersService[33m.[39mfindOne[33m.[39mmockResolvedValue({ username[33m:[39m [32m'test'[39m[33m,[39m password[33m:[39m 
[32m'hashedPassword'[39m })[33m;[39m
    [31m[1m>[22m[39m[90m 49 |[39m       jest[33m.[39mspyOn(bcrypt[33m,[39m [32m'compare'[39m)[33m.[39mmockImplementation(() [33m=>[39m 
[33mPromise[39m[33m.[39mresolve([36mfalse[39m))[33m;[39m
     [90m    |[39m            [31m[1m^[22m[39m
     [90m 50 |[39m
     [90m 51 |[39m       [36mconst[39m result [33m=[39m [36mawait[39m service[33m.[39mvalidateUser([32m'test'[39m[33m,[39m [32m'wrongPrice'[39m)[33m;[39m
     [90m 52 |[39m       expect(result)[33m.[39mtoBeNull()[33m;[39m[0m

      at ModuleMocker.spyOn (../node_modules/jest-mock/build/index.js:616:16)
      at Object.<anonymous> (auth/auth.service.spec.ts:49:12)

  ΓùÅ AuthService ΓÇ║ register ΓÇ║ should register a new user

    TypeError: Cannot redefine property: genSalt
        at Function.defineProperty (<anonymous>)

    [0m [90m 68 |[39m       [36mconst[39m dto [33m=[39m { username[33m:[39m [32m'test'[39m[33m,[39m password[33m:[39m [32m'password'[39m }[33m;[39m
     [90m 69 |[39m       [36mconst[39m expectedUser [33m=[39m { id[33m:[39m [35m1[39m[33m,[39m username[33m:[39m [32m'test'[39m[33m,[39m roles[33m:[39m 
[33mUserRole[39m[33m.[39m[33mUSER[39m }[33m;[39m
    [31m[1m>[22m[39m[90m 70 |[39m       jest[33m.[39mspyOn(bcrypt[33m,[39m [32m'genSalt'[39m)[33m.[39mmockImplementation(() [33m=>[39m 
[33mPromise[39m[33m.[39mresolve([32m'salt'[39m))[33m;[39m
     [90m    |[39m            [31m[1m^[22m[39m
     [90m 71 |[39m       jest[33m.[39mspyOn(bcrypt[33m,[39m [32m'hash'[39m)[33m.[39mmockImplementation(() [33m=>[39m 
[33mPromise[39m[33m.[39mresolve([32m'hashed'[39m))[33m;[39m
     [90m 72 |[39m
     [90m 73 |[39m       mockUsersService[33m.[39mcreate[33m.[39mmockResolvedValue({ [33m...[39mexpectedUser[33m,[39m password[33m:[39m [32m'hashed'[39m 
})[33m;[39m[0m

      at ModuleMocker.spyOn (../node_modules/jest-mock/build/index.js:616:16)
      at Object.<anonymous> (auth/auth.service.spec.ts:70:12)

Test Suites: 1 failed, 1 passed, 2 total
Tests:       3 failed, 7 passed, 10 total
Snapshots:   0 total
Time:        2.39 s
Ran all test suites matching src/auth/auth.service.spec.ts|src/tasks/tasks.service.spec.ts.
